// Vitest Snapshot v1, https://vitest.dev/guide/snapshot.html

exports[`main-news-component > renders the news-cards 1`] = `
<div>
  <div
    class="main"
  >
    <div
      class="content"
      style="grid-template-columns: 1fr 1fr;"
    >
      <a
        class="item"
        href="news1"
      >
        <div
          class="itemwrap1"
        >
          <img
            id="img"
            src="./src/assets/images/poco.jpg"
          />
          <h1>
            this is the heading
          </h1>
        </div>
        <p>
          bla bla bla bla bla bla bla lb narendra modi bla lbal dlad hmklajmkclamrk nlknakll mfdsklm fkdsmnf kldjf kldsngjdf jgkldn kgj ksngkdfm gfdkng kdfmgdklm gkldfg kldfjgklrf kgldfnvkl dfkglv kdfog kdfklgjm kdflgm  
        </p>
      </a>
      <div
        class="item"
      >
        <div
          class="itemwrap2"
        >
          <img
            id="img"
            src="./src/assets/images/poco.jpg"
          />
          <h1>
            this is the heading
          </h1>
        </div>
        <p>
          bla bla bla bla bla bla bla lb narendra modi bla lbal dlad hmklajmkclamrk nlknakll mfdsklm fkdsmnf kldjf kldsngjdf jgkldn kgj ksngkdfm gfdkng kdfmgdklm gkldfg kldfjgklrf kgldfnvkl dfkglv kdfog kdfklgjm kdflgm  
        </p>
      </div>
      <div
        class="item"
      >
        <div
          class="itemwrap1"
        >
          <img
            id="img"
            src="./src/assets/images/poco.jpg"
          />
          <h1>
            this is the heading
          </h1>
        </div>
        <p>
          bla bla bla bla bla bla bla lb narendra modi bla lbal dlad hmklajmkclamrk nlknakll mfdsklm fkdsmnf kldjf kldsngjdf jgkldn kgj ksngkdfm gfdkng kdfmgdklm gkldfg kldfjgklrf kgldfnvkl dfkglv kdfog kdfklgjm kdflgm  
        </p>
      </div>
      <div
        class="item"
      >
        <div
          class="itemwrap2"
        >
          <img
            id="img"
            src="./src/assets/images/poco.jpg"
          />
          <h1>
            this is the heading
          </h1>
        </div>
        <p>
          bla bla bla bla bla bla bla lb narendra modi bla lbal dlad hmklajmkclamrk nlknakll mfdsklm fkdsmnf kldjf kldsngjdf jgkldn kgj ksngkdfm gfdkng kdfmgdklm gkldfg kldfjgklrf kgldfnvkl dfkglv kdfog kdfklgjm kdflgm  
        </p>
      </div>
      <div
        class="item"
      >
        <div
          class="itemwrap1"
        >
          <img
            id="img"
            src="./src/assets/images/poco.jpg"
          />
          <h1>
            this is the heading
          </h1>
        </div>
        <p>
          bla bla bla bla bla bla bla lb narendra modi bla lbal dlad hmklajmkclamrk nlknakll mfdsklm fkdsmnf kldjf kldsngjdf jgkldn kgj ksngkdfm gfdkng kdfmgdklm gkldfg kldfjgklrf kgldfnvkl dfkglv kdfog kdfklgjm kdflgm  
        </p>
      </div>
      <div
        class="item"
      >
        <div
          class="itemwrap2"
        >
          <img
            id="img"
            src="./src/assets/images/poco.jpg"
          />
          <h1>
            this is the heading
          </h1>
        </div>
        <p>
          bla bla bla bla bla bla bla lb narendra modi bla lbal dlad hmklajmkclamrk nlknakll mfdsklm fkdsmnf kldjf kldsngjdf jgkldn kgj ksngkdfm gfdkng kdfmgdklm gkldfg kldfjgklrf kgldfnvkl dfkglv kdfog kdfklgjm kdflgm  
        </p>
      </div>
      <div
        class="item"
      >
        <div
          class="itemwrap1"
        >
          <img
            id="img"
            src="./src/assets/images/poco.jpg"
          />
          <h1>
            this is the heading
          </h1>
        </div>
        <p>
          bla bla bla bla bla bla bla lb narendra modi bla lbal dlad hmklajmkclamrk nlknakll mfdsklm fkdsmnf kldjf kldsngjdf jgkldn kgj ksngkdfm gfdkng kdfmgdklm gkldfg kldfjgklrf kgldfnvkl dfkglv kdfog kdfklgjm kdflgm  
        </p>
      </div>
      <div
        class="item"
      >
        <div
          class="itemwrap2"
        >
          <img
            id="img"
            src="./src/assets/images/poco.jpg"
          />
          <h1>
            this is the heading
          </h1>
        </div>
        <p>
          bla bla bla bla bla bla bla lb narendra modi bla lbal dlad hmklajmkclamrk nlknakll mfdsklm fkdsmnf kldjf kldsngjdf jgkldn kgj ksngkdfm gfdkng kdfmgdklm gkldfg kldfjgklrf kgldfnvkl dfkglv kdfog kdfklgjm kdflgm  
        </p>
      </div>
      <div
        class="item"
      >
        <div
          class="itemwrap1"
        >
          <img
            id="img"
            src="./src/assets/images/poco.jpg"
          />
          <h1>
            this is the heading
          </h1>
        </div>
        <p>
          bla bla bla bla bla bla bla lb narendra modi bla lbal dlad hmklajmkclamrk nlknakll mfdsklm fkdsmnf kldjf kldsngjdf jgkldn kgj ksngkdfm gfdkng kdfmgdklm gkldfg kldfjgklrf kgldfnvkl dfkglv kdfog kdfklgjm kdflgm  
        </p>
      </div>
      <div
        class="item"
      >
        <div
          class="itemwrap2"
        >
          <img
            id="img"
            src="./src/assets/images/poco.jpg"
          />
          <h1>
            this is the heading
          </h1>
        </div>
        <p>
          bla bla bla bla bla bla bla lb narendra modi bla lbal dlad hmklajmkclamrk nlknakll mfdsklm fkdsmnf kldjf kldsngjdf jgkldn kgj ksngkdfm gfdkng kdfmgdklm gkldfg kldfjgklrf kgldfnvkl dfkglv kdfog kdfklgjm kdflgm  
        </p>
      </div>
      <div
        class="item"
      >
        <div
          class="itemwrap1"
        >
          <img
            id="img"
            src="./src/assets/images/poco.jpg"
          />
          <h1>
            this is the heading
          </h1>
        </div>
        <p>
          bla bla bla bla bla bla bla lb narendra modi bla lbal dlad hmklajmkclamrk nlknakll mfdsklm fkdsmnf kldjf kldsngjdf jgkldn kgj ksngkdfm gfdkng kdfmgdklm gkldfg kldfjgklrf kgldfnvkl dfkglv kdfog kdfklgjm kdflgm  
        </p>
      </div>
      <div
        class="item"
      >
        <div
          class="itemwrap2"
        >
          <img
            id="img"
            src="./src/assets/images/poco.jpg"
          />
          <h1>
            this is the heading
          </h1>
        </div>
        <p>
          bla bla bla bla bla bla bla lb narendra modi bla lbal dlad hmklajmkclamrk nlknakll mfdsklm fkdsmnf kldjf kldsngjdf jgkldn kgj ksngkdfm gfdkng kdfmgdklm gkldfg kldfjgklrf kgldfnvkl dfkglv kdfog kdfklgjm kdflgm  
        </p>
      </div>
      <div
        class="item"
      >
        <div
          class="itemwrap1"
        >
          <img
            id="img"
            src="./src/assets/images/poco.jpg"
          />
          <h1>
            this is the heading
          </h1>
        </div>
        <p>
          bla bla bla bla bla bla bla lb narendra modi bla lbal dlad hmklajmkclamrk nlknakll mfdsklm fkdsmnf kldjf kldsngjdf jgkldn kgj ksngkdfm gfdkng kdfmgdklm gkldfg kldfjgklrf kgldfnvkl dfkglv kdfog kdfklgjm kdflgm  
        </p>
      </div>
      <div
        class="item"
      >
        <div
          class="itemwrap2"
        >
          <img
            id="img"
            src="./src/assets/images/poco.jpg"
          />
          <h1>
            this is the heading
          </h1>
        </div>
        <p>
          bla bla bla bla bla bla bla lb narendra modi bla lbal dlad hmklajmkclamrk nlknakll mfdsklm fkdsmnf kldjf kldsngjdf jgkldn kgj ksngkdfm gfdkng kdfmgdklm gkldfg kldfjgklrf kgldfnvkl dfkglv kdfog kdfklgjm kdflgm  
        </p>
      </div>
    </div>
    <div
      class="sidebar"
    />
  </div>
</div>
`;
